// Jest Snapshot v1, https://goo.gl/fbAQLP

exports[`Footer render NoFilm snapshot 1`] = `
<DocumentFragment>
  <div
    class="footer"
  >
    ReactJS
  </div>
</DocumentFragment>
`;
